<?xml version="1.0" encoding="utf-8"?><testsuites><testsuite name="pytest" errors="0" failures="0" skipped="9" tests="12" time="7.800" timestamp="2025-04-30T18:19:58.682882+03:00" hostname="rustam-Aspire-A315-55G"><testcase classname="tests.test_pass_1.TestLoginForm1" name="test_happy_path" time="0.000"><skipped type="pytest.skip" message="unconditional skip">/home/rustam/PycharmProjects/login_from_qa/tests/test_pass_1.py:16: unconditional skip</skipped></testcase><testcase classname="tests.test_pass_1.TestLoginForm1" name="test_unhappy_path_1" time="0.000"><skipped type="pytest.skip" message="unconditional skip">/home/rustam/PycharmProjects/login_from_qa/tests/test_pass_1.py:40: unconditional skip</skipped></testcase><testcase classname="tests.test_pass_1.TestLoginForm1" name="test_unhappy_path_2" time="0.000"><skipped type="pytest.skip" message="unconditional skip">/home/rustam/PycharmProjects/login_from_qa/tests/test_pass_1.py:64: unconditional skip</skipped></testcase><testcase classname="tests.test_pass_2.TestLoginForm2" name="test_happy_path" time="0.000"><skipped type="pytest.skip" message="unconditional skip">/home/rustam/PycharmProjects/login_from_qa/tests/test_pass_2.py:10: unconditional skip</skipped></testcase><testcase classname="tests.test_pass_2.TestLoginForm2" name="test_unhappy_path_1" time="0.000"><skipped type="pytest.skip" message="unconditional skip">/home/rustam/PycharmProjects/login_from_qa/tests/test_pass_2.py:29: unconditional skip</skipped></testcase><testcase classname="tests.test_pass_2.TestLoginForm2" name="test_unhappy_path_2" time="0.000"><skipped type="pytest.skip" message="unconditional skip">/home/rustam/PycharmProjects/login_from_qa/tests/test_pass_2.py:48: unconditional skip</skipped></testcase><testcase classname="tests.test_pass_3.TestLoginForm3" name="test_happy_path" time="0.000"><skipped type="pytest.skip" message="unconditional skip">/home/rustam/PycharmProjects/login_from_qa/tests/test_pass_3.py:7: unconditional skip</skipped></testcase><testcase classname="tests.test_pass_3.TestLoginForm3" name="test_unhappy_path_1" time="0.000"><skipped type="pytest.skip" message="unconditional skip">/home/rustam/PycharmProjects/login_from_qa/tests/test_pass_3.py:18: unconditional skip</skipped></testcase><testcase classname="tests.test_pass_3.TestLoginForm3" name="test_unhappy_path_2" time="0.000"><skipped type="pytest.skip" message="unconditional skip">/home/rustam/PycharmProjects/login_from_qa/tests/test_pass_3.py:30: unconditional skip</skipped></testcase><testcase classname="tests.test_pass_4.TestLoginForm4" name="test_happy_path" time="7.127" /><testcase classname="tests.test_pass_4.TestLoginForm4" name="test_unhappy_path_1" time="0.264" /><testcase classname="tests.test_pass_4.TestLoginForm4" name="test_unhappy_path_2" time="0.378" /></testsuite></testsuites>